
> frontend@0.0.0 test
> jest --testEnvironment=node AssetManager.test.js

node.exe : FAIL src/services/EmojiReplacer/__tests__/AssetManager.test.js
At line:1 char:1
+ & "C:\Program Files\nodejs/node.exe" "C:\Program Files\nodejs/node_mo ...
+ ~~~~~~~~~~~~~~~~~~~~~~~~~~~~~~~~~~~~~~~~~~~~~~~~~~~~~~~~~~~~~~~~~~~~~
    + CategoryInfo          : NotSpecified: (FAIL src/servic...Manager.test.js 
   :String) [], RemoteException
    + FullyQualifiedErrorId : NativeCommandError
 
  AssetManager
    getTherapistIcon
      ├ù should return valid therapist icon (4 ms)
      ΓêÜ should cache therapist icons
      ΓêÜ should handle different therapist roles (1 ms)
    getChildActivityIcon
      ├ù should return valid activity icons for all supported activities (1 ms)
      ├ù should return appropriate therapeutic goals for activities (1 ms)
      ├ù should fallback to patient-care for unknown activities
    getMedicalIcon
      ├ù should return valid medical icons
      ├ù should provide appropriate therapeutic context for medical icons
      ├ù should fallback to session-management for unknown categories
    getUIIcon
      ├ù should return valid UI icons (1 ms)
      ├ù should provide appropriate alt text for UI elements
      ├ù should fallback to generic UI element for unknown types (1 ms)
    preloadAssets
      ├ù should preload TherapistConsole assets
      ├ù should preload SpeechTherapy assets (1 ms)
      ├ù should preload multiple component assets
      ├ù should handle empty component list
    getFallbackPhoto
      ├ù should return valid fallback photo
      ├ù should return same fallback for any emoji type
    cache management
      ├ù should cache assets after retrieval (1 ms)
      ├ù should clear cache properly (1 ms)
      ΓêÜ should use cached assets for repeated requests
    therapeutic compliance
      ├ù should ensure all assets meet therapeutic criteria
      ├ù should provide meaningful therapeutic goals for all assets (1 ms)
      ├ù should maintain consistent accessibility standards

  ΓùÅ AssetManager ΓÇ║ getTherapistIcon ΓÇ║ should return valid therapist icon

    expect(received).toBeTruthy()

    Received: undefined

    [0m [90m 173 |[39m   expect(asset[33m.[39mtherapeuticContext[33m.[39
mageAppropriate)[33m.[39mtoBe([36mtrue[39m)[33m;[39m
     [90m 174 |[39m   expect(asset[33m.[39mtherapeuticContext[33m.[39mcul
turallySensitive)[33m.[39mtoBe([36mtrue[39m)[33m;[39m
    [31m[1m>[22m[39m[90m 175 |[39m   expect(asset[33m.[39mtherapeuticCo
ntext[33m.[39mlicense)[33m.[39mtoBeTruthy()[33m;[39m
     [90m     |[39m                                            
[31m[1m^[22m[39m
     [90m 176 |[39m   expect(asset[33m.[39maltText[33m.[39mlength)[33m.
[39mtoBeGreaterThanOrEqual([35m10[39m)[33m;[39m
     [90m 177 |[39m   expect(asset[33m.[39maccessibility[33m.[39mcolorCon
trast)[33m.[39mtoBeGreaterThanOrEqual([35m4.5[39m)[33m;[39m
     [90m 178 |[39m }[33m;[39m[0m

      at toBeTruthy (src/services/EmojiReplacer/__tests__/setup.js:175:44)
      at src/services/EmojiReplacer/__tests__/AssetManager.test.js:29:34
      at Generator.call 
(src/services/EmojiReplacer/__tests__/AssetManager.test.js:2:1)
      at Generator._invoke [as next] 
(src/services/EmojiReplacer/__tests__/AssetManager.test.js:2:1)
      at asyncGeneratorStep 
(src/services/EmojiReplacer/__tests__/AssetManager.test.js:2:1)
      at asyncGeneratorStep 
(src/services/EmojiReplacer/__tests__/AssetManager.test.js:2:1)

  ΓùÅ AssetManager ΓÇ║ getChildActivityIcon ΓÇ║ should return valid activity 
icons for all supported activities

    TypeError: assetManager.getChildActivityIcon is not a function

    [0m [90m 61 |[39m
     [90m 62 |[39m       [36mfor[39m ([36mconst[39m activity 
[36mof[39m activities) {
    [31m[1m>[22m[39m[90m 63 |[39m         [36mconst[39m asset 
[33m=[39m [36mawait[39m 
assetManager[33m.[39mgetChildActivityIcon(activity)[33m;[39m
     [90m    |[39m                                          
[31m[1m^[22m[39m
     [90m 64 |[39m         
     [90m 65 |[39m         expect(asset)[33m.[39mtoBeDefined()[33m;[39m
     [90m 66 |[39m         expect(asset[33m.[39murl)[33m.[39mtoMatch([35
m/^\/images\/.+\.jpg$/[39m)[33m;[39m[0m

      at getChildActivityIcon 
(src/services/EmojiReplacer/__tests__/AssetManager.test.js:63:42)
      at Generator.call 
(src/services/EmojiReplacer/__tests__/AssetManager.test.js:2:1)
      at Generator._invoke [as next] 
(src/services/EmojiReplacer/__tests__/AssetManager.test.js:2:1)
      at asyncGeneratorStep 
(src/services/EmojiReplacer/__tests__/AssetManager.test.js:2:1)
      at asyncGeneratorStep 
(src/services/EmojiReplacer/__tests__/AssetManager.test.js:2:1)
      at _next (src/services/EmojiReplacer/__tests__/AssetManager.test.js:2:1)
      at Object.<anonymous> 
(src/services/EmojiReplacer/__tests__/AssetManager.test.js:2:1)

  ΓùÅ AssetManager ΓÇ║ getChildActivityIcon ΓÇ║ should return appropriate 
therapeutic goals for activities

    TypeError: assetManager.getChildActivityIcon is not a function

    [0m [90m 73 |[39m
     [90m 74 |[39m     test([32m'should return appropriate therapeutic 
goals for activities'[39m[33m,[39m [36masync[39m () [33m=>[39m {
    [31m[1m>[22m[39m[90m 75 |[39m       [36mconst[39m repetitionAsset 
[33m=[39m [36mawait[39m 
assetManager[33m.[39mgetChildActivityIcon([32m'repetition'[39m)[33m;[39m
     [90m    |[39m                                                  
[31m[1m^[22m[39m
     [90m 76 |[39m       [36mconst[39m pictureAsset [33m=[39m 
[36mawait[39m assetManager[33m.[39mgetChildActivityIcon([32m'picture_namin
g'[39m)[33m;[39m
     [90m 77 |[39m
     [90m 78 |[39m       expect(repetitionAsset[33m.[39mtherapeuticContext
[33m.[39mtherapeuticGoals)[33m.[39mtoContain([32m'articulation'[39m)[33m;
[39m[0m

      at getChildActivityIcon 
(src/services/EmojiReplacer/__tests__/AssetManager.test.js:75:50)
      at Generator.call 
(src/services/EmojiReplacer/__tests__/AssetManager.test.js:2:1)
      at Generator._invoke [as next] 
(src/services/EmojiReplacer/__tests__/AssetManager.test.js:2:1)
      at asyncGeneratorStep 
(src/services/EmojiReplacer/__tests__/AssetManager.test.js:2:1)
      at asyncGeneratorStep 
(src/services/EmojiReplacer/__tests__/AssetManager.test.js:2:1)
      at _next (src/services/EmojiReplacer/__tests__/AssetManager.test.js:2:1)
      at Object.<anonymous> 
(src/services/EmojiReplacer/__tests__/AssetManager.test.js:2:1)

  ΓùÅ AssetManager ΓÇ║ getChildActivityIcon ΓÇ║ should fallback to 
patient-care for unknown activities

    TypeError: assetManager.getChildActivityIcon is not a function

    [0m [90m 81 |[39m
     [90m 82 |[39m     test([32m'should fallback to patient-care for 
unknown activities'[39m[33m,[39m [36masync[39m () [33m=>[39m {
    [31m[1m>[22m[39m[90m 83 |[39m       [36mconst[39m unknownAsset 
[33m=[39m [36mawait[39m assetManager[33m.[39mgetChildActivityIcon([32m'u
nknown-activity'[39m)[33m;[39m
     [90m    |[39m                                               
[31m[1m^[22m[39m
     [90m 84 |[39m       [36mconst[39m patientCareAsset [33m=[39m 
[36mawait[39m assetManager[33m.[39mgetChildActivityIcon([32m'patient-care'
[39m)[33m;[39m
     [90m 85 |[39m
     [90m 86 |[39m       expect(unknownAsset[33m.[39murl)[33m.[39mtoBe(pa
tientCareAsset[33m.[39murl)[33m;[39m[0m

      at getChildActivityIcon 
(src/services/EmojiReplacer/__tests__/AssetManager.test.js:83:47)
      at Generator.call 
(src/services/EmojiReplacer/__tests__/AssetManager.test.js:2:1)
      at Generator._invoke [as next] 
(src/services/EmojiReplacer/__tests__/AssetManager.test.js:2:1)
      at asyncGeneratorStep 
(src/services/EmojiReplacer/__tests__/AssetManager.test.js:2:1)
      at asyncGeneratorStep 
(src/services/EmojiReplacer/__tests__/AssetManager.test.js:2:1)
      at _next (src/services/EmojiReplacer/__tests__/AssetManager.test.js:2:1)
      at Object.<anonymous> 
(src/services/EmojiReplacer/__tests__/AssetManager.test.js:2:1)

  ΓùÅ AssetManager ΓÇ║ getMedicalIcon ΓÇ║ should return valid medical icons

    TypeError: assetManager.getMedicalIcon is not a function

    [0m [90m 94 |[39m
     [90m 95 |[39m       [36mfor[39m ([36mconst[39m category 
[36mof[39m categories) {
    [31m[1m>[22m[39m[90m 96 |[39m         [36mconst[39m asset 
[33m=[39m [36mawait[39m 
assetManager[33m.[39mgetMedicalIcon(category)[33m;[39m
     [90m    |[39m                                          
[31m[1m^[22m[39m
     [90m 97 |[39m         
     [90m 98 |[39m         expect(asset)[33m.[39mtoBeDefined()[33m;[39m
     [90m 99 |[39m         expect(asset[33m.[39murl)[33m.[39mtoMatch([35
m/^\/images\/.+\.jpg$/[39m)[33m;[39m[0m

      at getMedicalIcon 
(src/services/EmojiReplacer/__tests__/AssetManager.test.js:96:42)
      at Generator.call 
(src/services/EmojiReplacer/__tests__/AssetManager.test.js:2:1)
      at Generator._invoke [as next] 
(src/services/EmojiReplacer/__tests__/AssetManager.test.js:2:1)
      at asyncGeneratorStep 
(src/services/EmojiReplacer/__tests__/AssetManager.test.js:2:1)
      at asyncGeneratorStep 
(src/services/EmojiReplacer/__tests__/AssetManager.test.js:2:1)
      at _next (src/services/EmojiReplacer/__tests__/AssetManager.test.js:2:1)
      at Object.<anonymous> 
(src/services/EmojiReplacer/__tests__/AssetManager.test.js:2:1)

  ΓùÅ AssetManager ΓÇ║ getMedicalIcon ΓÇ║ should provide appropriate 
therapeutic context for medical icons

    TypeError: assetManager.getMedicalIcon is not a function

    [0m [90m 105 |[39m
     [90m 106 |[39m     test([32m'should provide appropriate therapeutic 
context for medical icons'[39m[33m,[39m [36masync[39m () [33m=>[39m {
    [31m[1m>[22m[39m[90m 107 |[39m       [36mconst[39m sessionAsset 
[33m=[39m [36mawait[39m assetManager[33m.[39mgetMedicalIcon([32m'session
-management'[39m)[33m;[39m
     [90m     |[39m                                               
[31m[1m^[22m[39m
     [90m 108 |[39m       [36mconst[39m performanceAsset [33m=[39m 
[36mawait[39m assetManager[33m.[39mgetMedicalIcon([32m'performance-metric'
[39m)[33m;[39m
     [90m 109 |[39m
     [90m 110 |[39m       expect(sessionAsset[33m.[39mtherapeuticContext[3
3m.[39mtherapeuticGoals)[33m.[39mtoContain([32m'data-collection'[39m)[33m
;[39m[0m

      at getMedicalIcon 
(src/services/EmojiReplacer/__tests__/AssetManager.test.js:107:47)
      at Generator.call 
(src/services/EmojiReplacer/__tests__/AssetManager.test.js:2:1)
      at Generator._invoke [as next] 
(src/services/EmojiReplacer/__tests__/AssetManager.test.js:2:1)
      at asyncGeneratorStep 
(src/services/EmojiReplacer/__tests__/AssetManager.test.js:2:1)
      at asyncGeneratorStep 
(src/services/EmojiReplacer/__tests__/AssetManager.test.js:2:1)
      at _next (src/services/EmojiReplacer/__tests__/AssetManager.test.js:2:1)
      at Object.<anonymous> 
(src/services/EmojiReplacer/__tests__/AssetManager.test.js:2:1)

  ΓùÅ AssetManager ΓÇ║ getMedicalIcon ΓÇ║ should fallback to 
session-management for unknown categories

    TypeError: assetManager.getMedicalIcon is not a function

    [0m [90m 113 |[39m
     [90m 114 |[39m     test([32m'should fallback to session-management for 
unknown categories'[39m[33m,[39m [36masync[39m () [33m=>[39m {
    [31m[1m>[22m[39m[90m 115 |[39m       [36mconst[39m unknownAsset 
[33m=[39m [36mawait[39m 
assetManager[33m.[39mgetMedicalIcon([32m'unknown-category'[39m)[33m;[39m
     [90m     |[39m                                               
[31m[1m^[22m[39m
     [90m 116 |[39m       [36mconst[39m sessionAsset [33m=[39m 
[36mawait[39m assetManager[33m.[39mgetMedicalIcon([32m'session-management'
[39m)[33m;[39m
     [90m 117 |[39m
     [90m 118 |[39m       expect(unknownAsset[33m.[39murl)[33m.[39mtoBe(s
essionAsset[33m.[39murl)[33m;[39m[0m

      at getMedicalIcon 
(src/services/EmojiReplacer/__tests__/AssetManager.test.js:115:47)
      at Generator.call 
(src/services/EmojiReplacer/__tests__/AssetManager.test.js:2:1)
      at Generator._invoke [as next] 
(src/services/EmojiReplacer/__tests__/AssetManager.test.js:2:1)
      at asyncGeneratorStep 
(src/services/EmojiReplacer/__tests__/AssetManager.test.js:2:1)
      at asyncGeneratorStep 
(src/services/EmojiReplacer/__tests__/AssetManager.test.js:2:1)
      at _next (src/services/EmojiReplacer/__tests__/AssetManager.test.js:2:1)
      at Object.<anonymous> 
(src/services/EmojiReplacer/__tests__/AssetManager.test.js:2:1)

  ΓùÅ AssetManager ΓÇ║ getUIIcon ΓÇ║ should return valid UI icons

    TypeError: assetManager.getUIIcon is not a function

    [0m [90m 130 |[39m
     [90m 131 |[39m       [36mfor[39m ([36mconst[39m type [36mof[39m 
types) {
    [31m[1m>[22m[39m[90m 132 |[39m         [36mconst[39m asset 
[33m=[39m [36mawait[39m assetManager[33m.[39mgetUIIcon(type)[33m;[39m
     [90m     |[39m                                          
[31m[1m^[22m[39m
     [90m 133 |[39m         
     [90m 134 |[39m         expect(asset)[33m.[39mtoBeDefined()[33m;[39m
     [90m 135 |[39m         expect(asset[33m.[39murl)[33m.[39mtoMatch([3
5m/^\/images\/.+\.jpg$/[39m)[33m;[39m[0m

      at getUIIcon 
(src/services/EmojiReplacer/__tests__/AssetManager.test.js:132:42)
      at Generator.call 
(src/services/EmojiReplacer/__tests__/AssetManager.test.js:2:1)
      at Generator._invoke [as next] 
(src/services/EmojiReplacer/__tests__/AssetManager.test.js:2:1)
      at asyncGeneratorStep 
(src/services/EmojiReplacer/__tests__/AssetManager.test.js:2:1)
      at asyncGeneratorStep 
(src/services/EmojiReplacer/__tests__/AssetManager.test.js:2:1)
      at _next (src/services/EmojiReplacer/__tests__/AssetManager.test.js:2:1)
      at Object.<anonymous> 
(src/services/EmojiReplacer/__tests__/AssetManager.test.js:2:1)

  ΓùÅ AssetManager ΓÇ║ getUIIcon ΓÇ║ should provide appropriate alt text for 
UI elements

    TypeError: assetManager.getUIIcon is not a function

    [0m [90m 141 |[39m
     [90m 142 |[39m     test([32m'should provide appropriate alt text for 
UI elements'[39m[33m,[39m [36masync[39m () [33m=>[39m {
    [31m[1m>[22m[39m[90m 143 |[39m       [36mconst[39m microphoneAsset 
[33m=[39m [36mawait[39m assetManager[33m.[39mgetUIIcon([32m'professional
-microphone'[39m)[33m;[39m
     [90m     |[39m                                                  
[31m[1m^[22m[39m
     [90m 144 |[39m       [36mconst[39m addButtonAsset [33m=[39m 
[36mawait[39m 
assetManager[33m.[39mgetUIIcon([32m'add-button'[39m)[33m;[39m
     [90m 145 |[39m
     [90m 146 |[39m       expect(microphoneAsset[33m.[39maltText)[33m.[39
mtoContain([32m'microphone'[39m)[33m;[39m[0m

      at getUIIcon 
(src/services/EmojiReplacer/__tests__/AssetManager.test.js:143:50)
      at Generator.call 
(src/services/EmojiReplacer/__tests__/AssetManager.test.js:2:1)
      at Generator._invoke [as next] 
(src/services/EmojiReplacer/__tests__/AssetManager.test.js:2:1)
      at asyncGeneratorStep 
(src/services/EmojiReplacer/__tests__/AssetManager.test.js:2:1)
      at asyncGeneratorStep 
(src/services/EmojiReplacer/__tests__/AssetManager.test.js:2:1)
      at _next (src/services/EmojiReplacer/__tests__/AssetManager.test.js:2:1)
      at Object.<anonymous> 
(src/services/EmojiReplacer/__tests__/AssetManager.test.js:2:1)

  ΓùÅ AssetManager ΓÇ║ getUIIcon ΓÇ║ should fallback to generic UI element for 
unknown types

    TypeError: assetManager.getUIIcon is not a function

    [0m [90m 149 |[39m
     [90m 150 |[39m     test([32m'should fallback to generic UI element for 
unknown types'[39m[33m,[39m [36masync[39m () [33m=>[39m {
    [31m[1m>[22m[39m[90m 151 |[39m       [36mconst[39m unknownAsset 
[33m=[39m [36mawait[39m 
assetManager[33m.[39mgetUIIcon([32m'unknown-type'[39m)[33m;[39m
     [90m     |[39m                                               
[31m[1m^[22m[39m
     [90m 152 |[39m
     [90m 153 |[39m       expect(unknownAsset[33m.[39murl)[33m.[39mtoBe(
[32m'/images/generic-ui-element.jpg'[39m)[33m;[39m
     [90m 154 |[39m       
expect(unknownAsset[33m.[39maltText)[33m.[39mtoBe([32m'Therapeutic 
interface element'[39m)[33m;[39m[0m

      at getUIIcon 
(src/services/EmojiReplacer/__tests__/AssetManager.test.js:151:47)
      at Generator.call 
(src/services/EmojiReplacer/__tests__/AssetManager.test.js:2:1)
      at Generator._invoke [as next] 
(src/services/EmojiReplacer/__tests__/AssetManager.test.js:2:1)
      at asyncGeneratorStep 
(src/services/EmojiReplacer/__tests__/AssetManager.test.js:2:1)
      at asyncGeneratorStep 
(src/services/EmojiReplacer/__tests__/AssetManager.test.js:2:1)
      at _next (src/services/EmojiReplacer/__tests__/AssetManager.test.js:2:1)
      at Object.<anonymous> 
(src/services/EmojiReplacer/__tests__/AssetManager.test.js:2:1)

  ΓùÅ AssetManager ΓÇ║ preloadAssets ΓÇ║ should preload TherapistConsole assets

    TypeError: assetManager.preloadAssets is not a function

    [0m [90m 158 |[39m   describe([32m'preloadAssets'[39m[33m,[39m () 
[33m=>[39m {
     [90m 159 |[39m     test([32m'should preload TherapistConsole 
assets'[39m[33m,[39m [36masync[39m () [33m=>[39m {
    [31m[1m>[22m[39m[90m 160 |[39m       [36mawait[39m 
assetManager[33m.[39mpreloadAssets([[32m'TherapistConsole'[39m])[33m;[39m
     [90m     |[39m                          [31m[1m^[22m[39m
     [90m 161 |[39m
     [90m 162 |[39m       expect(assetManager[33m.[39mpreloadedAssets[33m.
[39mhas([32m'TherapistConsole'[39m))[33m.[39mtoBe([36mtrue[39m)[33m;[3
9m
     [90m 163 |[39m       [0m

      at preloadAssets 
(src/services/EmojiReplacer/__tests__/AssetManager.test.js:160:26)
      at Generator.call 
(src/services/EmojiReplacer/__tests__/AssetManager.test.js:2:1)
      at Generator._invoke [as next] 
(src/services/EmojiReplacer/__tests__/AssetManager.test.js:2:1)
      at asyncGeneratorStep 
(src/services/EmojiReplacer/__tests__/AssetManager.test.js:2:1)
      at asyncGeneratorStep 
(src/services/EmojiReplacer/__tests__/AssetManager.test.js:2:1)
      at _next (src/services/EmojiReplacer/__tests__/AssetManager.test.js:2:1)
      at Object.<anonymous> 
(src/services/EmojiReplacer/__tests__/AssetManager.test.js:2:1)

  ΓùÅ AssetManager ΓÇ║ preloadAssets ΓÇ║ should preload SpeechTherapy assets

    TypeError: assetManager.preloadAssets is not a function

    [0m [90m 167 |[39m
     [90m 168 |[39m     test([32m'should preload SpeechTherapy 
assets'[39m[33m,[39m [36masync[39m () [33m=>[39m {
    [31m[1m>[22m[39m[90m 169 |[39m       [36mawait[39m 
assetManager[33m.[39mpreloadAssets([[32m'SpeechTherapy'[39m])[33m;[39m
     [90m     |[39m                          [31m[1m^[22m[39m
     [90m 170 |[39m
     [90m 171 |[39m       expect(assetManager[33m.[39mpreloadedAssets[33m.
[39mhas([32m'SpeechTherapy'[39m))[33m.[39mtoBe([36mtrue[39m)[33m;[39m
     [90m 172 |[39m       [0m

      at preloadAssets 
(src/services/EmojiReplacer/__tests__/AssetManager.test.js:169:26)
      at Generator.call 
(src/services/EmojiReplacer/__tests__/AssetManager.test.js:2:1)
      at Generator._invoke [as next] 
(src/services/EmojiReplacer/__tests__/AssetManager.test.js:2:1)
      at asyncGeneratorStep 
(src/services/EmojiReplacer/__tests__/AssetManager.test.js:2:1)
      at asyncGeneratorStep 
(src/services/EmojiReplacer/__tests__/AssetManager.test.js:2:1)
      at _next (src/services/EmojiReplacer/__tests__/AssetManager.test.js:2:1)
      at Object.<anonymous> 
(src/services/EmojiReplacer/__tests__/AssetManager.test.js:2:1)

  ΓùÅ AssetManager ΓÇ║ preloadAssets ΓÇ║ should preload multiple component 
assets

    TypeError: assetManager.preloadAssets is not a function

    [0m [90m 176 |[39m
     [90m 177 |[39m     test([32m'should preload multiple component 
assets'[39m[33m,[39m [36masync[39m () [33m=>[39m {
    [31m[1m>[22m[39m[90m 178 |[39m       [36mawait[39m 
assetManager[33m.[39mpreloadAssets([[32m'TherapistConsole'[39m[33m,[39m 
[32m'SpeechTherapy'[39m])[33m;[39m
     [90m     |[39m                          [31m[1m^[22m[39m
     [90m 179 |[39m
     [90m 180 |[39m       expect(assetManager[33m.[39mpreloadedAssets[33m.
[39mhas([32m'TherapistConsole'[39m))[33m.[39mtoBe([36mtrue[39m)[33m;[3
9m
     [90m 181 |[39m       expect(assetManager[33m.[39mpreloadedAssets[33m.
[39mhas([32m'SpeechTherapy'[39m))[33m.[39mtoBe([36mtrue[39m)[33m;[39m
[0m

      at preloadAssets 
(src/services/EmojiReplacer/__tests__/AssetManager.test.js:178:26)
      at Generator.call 
(src/services/EmojiReplacer/__tests__/AssetManager.test.js:2:1)
      at Generator._invoke [as next] 
(src/services/EmojiReplacer/__tests__/AssetManager.test.js:2:1)
      at asyncGeneratorStep 
(src/services/EmojiReplacer/__tests__/AssetManager.test.js:2:1)
      at asyncGeneratorStep 
(src/services/EmojiReplacer/__tests__/AssetManager.test.js:2:1)
      at _next (src/services/EmojiReplacer/__tests__/AssetManager.test.js:2:1)
      at Object.<anonymous> 
(src/services/EmojiReplacer/__tests__/AssetManager.test.js:2:1)

  ΓùÅ AssetManager ΓÇ║ preloadAssets ΓÇ║ should handle empty component list

    TypeError: assetManager.preloadAssets is not a function

    [0m [90m 183 |[39m
     [90m 184 |[39m     test([32m'should handle empty component 
list'[39m[33m,[39m [36masync[39m () [33m=>[39m {
    [31m[1m>[22m[39m[90m 185 |[39m       [36mawait[39m 
assetManager[33m.[39mpreloadAssets([])[33m;[39m
     [90m     |[39m                          [31m[1m^[22m[39m
     [90m 186 |[39m
     [90m 187 |[39m       expect(assetManager[33m.[39mpreloadedAssets[33m.
[39msize)[33m.[39mtoBe([35m0[39m)[33m;[39m
     [90m 188 |[39m       expect(assetManager[33m.[39massetCache[33m.[39m
size)[33m.[39mtoBe([35m0[39m)[33m;[39m[0m

      at preloadAssets 
(src/services/EmojiReplacer/__tests__/AssetManager.test.js:185:26)
      at Generator.call 
(src/services/EmojiReplacer/__tests__/AssetManager.test.js:2:1)
      at Generator._invoke [as next] 
(src/services/EmojiReplacer/__tests__/AssetManager.test.js:2:1)
      at asyncGeneratorStep 
(src/services/EmojiReplacer/__tests__/AssetManager.test.js:2:1)
      at asyncGeneratorStep 
(src/services/EmojiReplacer/__tests__/AssetManager.test.js:2:1)
      at _next (src/services/EmojiReplacer/__tests__/AssetManager.test.js:2:1)
      at Object.<anonymous> 
(src/services/EmojiReplacer/__tests__/AssetManager.test.js:2:1)

  ΓùÅ AssetManager ΓÇ║ getFallbackPhoto ΓÇ║ should return valid fallback photo

    TypeError: assetManager.getFallbackPhoto is not a function

    [0m [90m 192 |[39m   describe([32m'getFallbackPhoto'[39m[33m,[39m 
() [33m=>[39m {
     [90m 193 |[39m     test([32m'should return valid fallback 
photo'[39m[33m,[39m () [33m=>[39m {
    [31m[1m>[22m[39m[90m 194 |[39m       [36mconst[39m fallback 
[33m=[39m 
assetManager[33m.[39mgetFallbackPhoto([32m'≡ƒæ╢'[39m)[33m;[39m
     [90m     |[39m                                     [31m[1m^[22m[39m
     [90m 195 |[39m
     [90m 196 |[39m       expect(fallback)[33m.[39mtoBeDefined()[33m;[39m
     [90m 197 |[39m       expect(fallback[33m.[39murl)[33m.[39mtoBe([32m
'/images/therapeutic-fallback.jpg'[39m)[33m;[39m[0m

      at Object.getFallbackPhoto 
(src/services/EmojiReplacer/__tests__/AssetManager.test.js:194:37)

  ΓùÅ AssetManager ΓÇ║ getFallbackPhoto ΓÇ║ should return same fallback for 
any emoji type

    TypeError: assetManager.getFallbackPhoto is not a function

    [0m [90m 201 |[39m
     [90m 202 |[39m     test([32m'should return same fallback for any emoji 
type'[39m[33m,[39m () [33m=>[39m {
    [31m[1m>[22m[39m[90m 203 |[39m       [36mconst[39m fallback1 
[33m=[39m 
assetManager[33m.[39mgetFallbackPhoto([32m'≡ƒæ╢'[39m)[33m;[39m
     [90m     |[39m                                      [31m[1m^[22m[39m
     [90m 204 |[39m       [36mconst[39m fallback2 [33m=[39m 
assetManager[33m.[39mgetFallbackPhoto([32m'≡ƒôï'[39m)[33m;[39m
     [90m 205 |[39m
     [90m 206 |[39m       expect(fallback1[33m.[39murl)[33m.[39mtoBe(fall
back2[33m.[39murl)[33m;[39m[0m

      at Object.getFallbackPhoto 
(src/services/EmojiReplacer/__tests__/AssetManager.test.js:203:38)

  ΓùÅ AssetManager ΓÇ║ cache management ΓÇ║ should cache assets after retrieval

    TypeError: assetManager.getChildActivityIcon is not a function

    [0m [90m 216 |[39m       expect(assetManager[33m.[39massetCache[33m.
[39msize)[33m.[39mtoBe([35m1[39m)[33m;[39m
     [90m 217 |[39m
    [31m[1m>[22m[39m[90m 218 |[39m       [36mawait[39m assetManager[33
m.[39mgetChildActivityIcon([32m'speech-therapy'[39m)[33m;[39m
     [90m     |[39m                          [31m[1m^[22m[39m
     [90m 219 |[39m       expect(assetManager[33m.[39massetCache[33m.[39m
size)[33m.[39mtoBe([35m2[39m)[33m;[39m
     [90m 220 |[39m     })[33m;[39m
     [90m 221 |[39m[0m

      at getChildActivityIcon 
(src/services/EmojiReplacer/__tests__/AssetManager.test.js:218:26)
      at Generator.call 
(src/services/EmojiReplacer/__tests__/AssetManager.test.js:2:1)
      at Generator._invoke [as next] 
(src/services/EmojiReplacer/__tests__/AssetManager.test.js:2:1)
      at asyncGeneratorStep 
(src/services/EmojiReplacer/__tests__/AssetManager.test.js:2:1)
      at asyncGeneratorStep 
(src/services/EmojiReplacer/__tests__/AssetManager.test.js:2:1)

  ΓùÅ AssetManager ΓÇ║ cache management ΓÇ║ should clear cache properly

    TypeError: assetManager.preloadAssets is not a function

    [0m [90m 222 |[39m     test([32m'should clear cache 
properly'[39m[33m,[39m [36masync[39m () [33m=>[39m {
     [90m 223 |[39m       [36mawait[39m assetManager[33m.[39mgetTherapist
Icon([32m'medical-professional'[39m)[33m;[39m
    [31m[1m>[22m[39m[90m 224 |[39m       [36mawait[39m 
assetManager[33m.[39mpreloadAssets([[32m'TherapistConsole'[39m])[33m;[39m
     [90m     |[39m                          [31m[1m^[22m[39m
     [90m 225 |[39m       
     [90m 226 |[39m       expect(assetManager[33m.[39massetCache[33m.[39m
size)[33m.[39mtoBeGreaterThan([35m0[39m)[33m;[39m
     [90m 227 |[39m       expect(assetManager[33m.[39mpreloadedAssets[33m.
[39msize)[33m.[39mtoBeGreaterThan([35m0[39m)[33m;[39m[0m

      at preloadAssets 
(src/services/EmojiReplacer/__tests__/AssetManager.test.js:224:26)
      at Generator.call 
(src/services/EmojiReplacer/__tests__/AssetManager.test.js:2:1)
      at Generator._invoke [as next] 
(src/services/EmojiReplacer/__tests__/AssetManager.test.js:2:1)
      at asyncGeneratorStep 
(src/services/EmojiReplacer/__tests__/AssetManager.test.js:2:1)
      at asyncGeneratorStep 
(src/services/EmojiReplacer/__tests__/AssetManager.test.js:2:1)

  ΓùÅ AssetManager ΓÇ║ therapeutic compliance ΓÇ║ should ensure all assets 
meet therapeutic criteria

    expect(received).toBeTruthy()

    Received: undefined

    [0m [90m 173 |[39m   expect(asset[33m.[39mtherapeuticContext[33m.[39
mageAppropriate)[33m.[39mtoBe([36mtrue[39m)[33m;[39m
     [90m 174 |[39m   expect(asset[33m.[39mtherapeuticContext[33m.[39mcul
turallySensitive)[33m.[39mtoBe([36mtrue[39m)[33m;[39m
    [31m[1m>[22m[39m[90m 175 |[39m   expect(asset[33m.[39mtherapeuticCo
ntext[33m.[39mlicense)[33m.[39mtoBeTruthy()[33m;[39m
     [90m     |[39m                                            
[31m[1m^[22m[39m
     [90m 176 |[39m   expect(asset[33m.[39maltText[33m.[39mlength)[33m.
[39mtoBeGreaterThanOrEqual([35m10[39m)[33m;[39m
     [90m 177 |[39m   expect(asset[33m.[39maccessibility[33m.[39mcolorCon
trast)[33m.[39mtoBeGreaterThanOrEqual([35m4.5[39m)[33m;[39m
     [90m 178 |[39m }[33m;[39m[0m

      at toBeTruthy (src/services/EmojiReplacer/__tests__/setup.js:175:44)
      at src/services/EmojiReplacer/__tests__/AssetManager.test.js:260:36
      at Generator.call 
(src/services/EmojiReplacer/__tests__/AssetManager.test.js:2:1)
      at Generator._invoke [as next] 
(src/services/EmojiReplacer/__tests__/AssetManager.test.js:2:1)
      at asyncGeneratorStep 
(src/services/EmojiReplacer/__tests__/AssetManager.test.js:2:1)
      at asyncGeneratorStep 
(src/services/EmojiReplacer/__tests__/AssetManager.test.js:2:1)

  ΓùÅ AssetManager ΓÇ║ therapeutic compliance ΓÇ║ should provide meaningful 
therapeutic goals for all assets

    TypeError: assetManager.getChildActivityIcon is not a function

    [0m [90m 264 |[39m     test([32m'should provide meaningful therapeutic 
goals for all assets'[39m[33m,[39m [36masync[39m () [33m=>[39m {
     [90m 265 |[39m       [36mconst[39m therapistAsset [33m=[39m 
[36mawait[39m assetManager[33m.[39mgetTherapistIcon([32m'medical-professio
nal'[39m)[33m;[39m
    [31m[1m>[22m[39m[90m 266 |[39m       [36mconst[39m activityAsset 
[33m=[39m [36mawait[39m 
assetManager[33m.[39mgetChildActivityIcon([32m'repetition'[39m)[33m;[39m
     [90m     |[39m                                                
[31m[1m^[22m[39m
     [90m 267 |[39m       [36mconst[39m medicalAsset [33m=[39m 
[36mawait[39m assetManager[33m.[39mgetMedicalIcon([32m'performance-metric'
[39m)[33m;[39m
     [90m 268 |[39m       [36mconst[39m uiAsset [33m=[39m 
[36mawait[39m 
assetManager[33m.[39mgetUIIcon([32m'add-button'[39m)[33m;[39m
     [90m 269 |[39m[0m

      at getChildActivityIcon 
(src/services/EmojiReplacer/__tests__/AssetManager.test.js:266:48)
      at Generator.call 
(src/services/EmojiReplacer/__tests__/AssetManager.test.js:2:1)
      at Generator._invoke [as next] 
(src/services/EmojiReplacer/__tests__/AssetManager.test.js:2:1)
      at asyncGeneratorStep 
(src/services/EmojiReplacer/__tests__/AssetManager.test.js:2:1)
      at asyncGeneratorStep 
(src/services/EmojiReplacer/__tests__/AssetManager.test.js:2:1)

  ΓùÅ AssetManager ΓÇ║ therapeutic compliance ΓÇ║ should maintain consistent 
accessibility standards

    TypeError: assetManager.getChildActivityIcon is not a function

    [0m [90m 277 |[39m       [36mconst[39m assets [33m=[39m 
[36mawait[39m [33mPromise[39m[33m.[39mall([
     [90m 278 |[39m         assetManager[33m.[39mgetTherapistIcon([32m'med
ical-professional'[39m)[33m,[39m
    [31m[1m>[22m[39m[90m 279 |[39m         assetManager[33m.[39mgetChil
dActivityIcon([32m'speech-therapy'[39m)[33m,[39m
     [90m     |[39m                      [31m[1m^[22m[39m
     [90m 280 |[39m         assetManager[33m.[39mgetMedicalIcon([32m'sessi
on-management'[39m)[33m,[39m
     [90m 281 |[39m         
assetManager[33m.[39mgetUIIcon([32m'professional-microphone'[39m)
     [90m 282 |[39m       ])[33m;[39m[0m

      at getChildActivityIcon 
(src/services/EmojiReplacer/__tests__/AssetManager.test.js:279:22)
      at Generator.call 
(src/services/EmojiReplacer/__tests__/AssetManager.test.js:2:1)
      at Generator._invoke [as next] 
(src/services/EmojiReplacer/__tests__/AssetManager.test.js:2:1)
      at asyncGeneratorStep 
(src/services/EmojiReplacer/__tests__/AssetManager.test.js:2:1)
      at asyncGeneratorStep 
(src/services/EmojiReplacer/__tests__/AssetManager.test.js:2:1)
      at _next (src/services/EmojiReplacer/__tests__/AssetManager.test.js:2:1)
      at Object.<anonymous> 
(src/services/EmojiReplacer/__tests__/AssetManager.test.js:2:1)

Test Suites: 1 failed, 1 total
Tests:       21 failed, 3 passed, 24 total
Snapshots:   0 total
Time:        0.849 s, estimated 1 s
Ran all test suites matching AssetManager.test.js.
